Archive member included to satisfy reference by file (symbol)

c:/ac6/systemworkbench/plugins/fr.ac6.mcu.externaltools.arm-none.win32_1.13.2.201703061525/tools/compiler/bin/../lib/gcc/arm-none-eabi/5.4.1/../../../../arm-none-eabi/lib/armv7e-m/fpu\libc_nano.a(lib_a-exit.o)
                              c:/ac6/systemworkbench/plugins/fr.ac6.mcu.externaltools.arm-none.win32_1.13.2.201703061525/tools/compiler/bin/../lib/gcc/arm-none-eabi/5.4.1/../../../../arm-none-eabi/lib/armv7e-m/fpu/crt0.o (exit)
c:/ac6/systemworkbench/plugins/fr.ac6.mcu.externaltools.arm-none.win32_1.13.2.201703061525/tools/compiler/bin/../lib/gcc/arm-none-eabi/5.4.1/../../../../arm-none-eabi/lib/armv7e-m/fpu\libc_nano.a(lib_a-impure.o)
                              c:/ac6/systemworkbench/plugins/fr.ac6.mcu.externaltools.arm-none.win32_1.13.2.201703061525/tools/compiler/bin/../lib/gcc/arm-none-eabi/5.4.1/../../../../arm-none-eabi/lib/armv7e-m/fpu\libc_nano.a(lib_a-exit.o) (_global_impure_ptr)
c:/ac6/systemworkbench/plugins/fr.ac6.mcu.externaltools.arm-none.win32_1.13.2.201703061525/tools/compiler/bin/../lib/gcc/arm-none-eabi/5.4.1/../../../../arm-none-eabi/lib/armv7e-m/fpu\libc_nano.a(lib_a-init.o)
                              c:/ac6/systemworkbench/plugins/fr.ac6.mcu.externaltools.arm-none.win32_1.13.2.201703061525/tools/compiler/bin/../lib/gcc/arm-none-eabi/5.4.1/../../../../arm-none-eabi/lib/armv7e-m/fpu/crt0.o (__libc_init_array)
c:/ac6/systemworkbench/plugins/fr.ac6.mcu.externaltools.arm-none.win32_1.13.2.201703061525/tools/compiler/bin/../lib/gcc/arm-none-eabi/5.4.1/../../../../arm-none-eabi/lib/armv7e-m/fpu\libc_nano.a(lib_a-memset.o)
                              c:/ac6/systemworkbench/plugins/fr.ac6.mcu.externaltools.arm-none.win32_1.13.2.201703061525/tools/compiler/bin/../lib/gcc/arm-none-eabi/5.4.1/../../../../arm-none-eabi/lib/armv7e-m/fpu/crt0.o (memset)
c:/ac6/systemworkbench/plugins/fr.ac6.mcu.externaltools.arm-none.win32_1.13.2.201703061525/tools/compiler/bin/../lib/gcc/arm-none-eabi/5.4.1/../../../../arm-none-eabi/lib/armv7e-m/fpu\libnosys.a(_exit.o)
                              c:/ac6/systemworkbench/plugins/fr.ac6.mcu.externaltools.arm-none.win32_1.13.2.201703061525/tools/compiler/bin/../lib/gcc/arm-none-eabi/5.4.1/../../../../arm-none-eabi/lib/armv7e-m/fpu\libc_nano.a(lib_a-exit.o) (_exit)

Allocating common symbols
Common symbol       size              file

uwTick              0x4               Drivers/STM32F4xx_HAL_Driver/Src/stm32f4xx_hal.o
pFlash              0x20              Drivers/STM32F4xx_HAL_Driver/Src/stm32f4xx_hal_flash.o
htim2               0x3c              Src/main.o

Discarded input sections

 .text          0x00000000        0x0 c:/ac6/systemworkbench/plugins/fr.ac6.mcu.externaltools.arm-none.win32_1.13.2.201703061525/tools/compiler/bin/../lib/gcc/arm-none-eabi/5.4.1/armv7e-m/fpu/crti.o
 .data          0x00000000        0x0 c:/ac6/systemworkbench/plugins/fr.ac6.mcu.externaltools.arm-none.win32_1.13.2.201703061525/tools/compiler/bin/../lib/gcc/arm-none-eabi/5.4.1/armv7e-m/fpu/crti.o
 .bss           0x00000000        0x0 c:/ac6/systemworkbench/plugins/fr.ac6.mcu.externaltools.arm-none.win32_1.13.2.201703061525/tools/compiler/bin/../lib/gcc/arm-none-eabi/5.4.1/armv7e-m/fpu/crti.o
 .data          0x00000000        0x4 c:/ac6/systemworkbench/plugins/fr.ac6.mcu.externaltools.arm-none.win32_1.13.2.201703061525/tools/compiler/bin/../lib/gcc/arm-none-eabi/5.4.1/armv7e-m/fpu/crtbegin.o
 .text          0x00000000       0x74 c:/ac6/systemworkbench/plugins/fr.ac6.mcu.externaltools.arm-none.win32_1.13.2.201703061525/tools/compiler/bin/../lib/gcc/arm-none-eabi/5.4.1/../../../../arm-none-eabi/lib/armv7e-m/fpu/crt0.o
 .data          0x00000000        0x0 c:/ac6/systemworkbench/plugins/fr.ac6.mcu.externaltools.arm-none.win32_1.13.2.201703061525/tools/compiler/bin/../lib/gcc/arm-none-eabi/5.4.1/../../../../arm-none-eabi/lib/armv7e-m/fpu/crt0.o
 .bss           0x00000000        0x0 c:/ac6/systemworkbench/plugins/fr.ac6.mcu.externaltools.arm-none.win32_1.13.2.201703061525/tools/compiler/bin/../lib/gcc/arm-none-eabi/5.4.1/../../../../arm-none-eabi/lib/armv7e-m/fpu/crt0.o
 .ARM.extab     0x00000000        0x0 c:/ac6/systemworkbench/plugins/fr.ac6.mcu.externaltools.arm-none.win32_1.13.2.201703061525/tools/compiler/bin/../lib/gcc/arm-none-eabi/5.4.1/../../../../arm-none-eabi/lib/armv7e-m/fpu/crt0.o
 .ARM.exidx     0x00000000        0x8 c:/ac6/systemworkbench/plugins/fr.ac6.mcu.externaltools.arm-none.win32_1.13.2.201703061525/tools/compiler/bin/../lib/gcc/arm-none-eabi/5.4.1/../../../../arm-none-eabi/lib/armv7e-m/fpu/crt0.o
 .ARM.attributes
                0x00000000       0x20 c:/ac6/systemworkbench/plugins/fr.ac6.mcu.externaltools.arm-none.win32_1.13.2.201703061525/tools/compiler/bin/../lib/gcc/arm-none-eabi/5.4.1/../../../../arm-none-eabi/lib/armv7e-m/fpu/crt0.o
 .group         0x00000000        0x8 Drivers/STM32F4xx_HAL_Driver/Src/stm32f4xx_hal.o
[...]
Memory Configuration

Name             Origin             Length             Attributes
RAM              0x20000000         0x00018000         xrw
FLASH            0x08000000         0x00080000         xr
*default*        0x00000000         0xffffffff

Linker script and memory map

LOAD c:/ac6/systemworkbench/plugins/fr.ac6.mcu.externaltools.arm-none.win32_1.13.2.201703061525/tools/compiler/bin/../lib/gcc/arm-none-eabi/5.4.1/armv7e-m/fpu/crti.o
LOAD c:/ac6/systemworkbench/plugins/fr.ac6.mcu.externaltools.arm-none.win32_1.13.2.201703061525/tools/compiler/bin/../lib/gcc/arm-none-eabi/5.4.1/armv7e-m/fpu/crtbegin.o
LOAD c:/ac6/systemworkbench/plugins/fr.ac6.mcu.externaltools.arm-none.win32_1.13.2.201703061525/tools/compiler/bin/../lib/gcc/arm-none-eabi/5.4.1/../../../../arm-none-eabi/lib/armv7e-m/fpu/crt0.o
LOAD c:/ac6/systemworkbench/plugins/fr.ac6.mcu.externaltools.arm-none.win32_1.13.2.201703061525/tools/compiler/bin/../lib/gcc/arm-none-eabi/5.4.1/../../../../arm-none-eabi/lib/armv7e-m/fpu\libm.a
LOAD Drivers/STM32F4xx_HAL_Driver/Src/stm32f4xx_hal.o
LOAD Drivers/STM32F4xx_HAL_Driver/Src/stm32f4xx_hal_cortex.o
LOAD Drivers/STM32F4xx_HAL_Driver/Src/stm32f4xx_hal_dma.o
LOAD Drivers/STM32F4xx_HAL_Driver/Src/stm32f4xx_hal_dma_ex.o
LOAD Drivers/STM32F4xx_HAL_Driver/Src/stm32f4xx_hal_flash.o
LOAD Drivers/STM32F4xx_HAL_Driver/Src/stm32f4xx_hal_flash_ex.o
LOAD Drivers/STM32F4xx_HAL_Driver/Src/stm32f4xx_hal_flash_ramfunc.o
LOAD Drivers/STM32F4xx_HAL_Driver/Src/stm32f4xx_hal_gpio.o
LOAD Drivers/STM32F4xx_HAL_Driver/Src/stm32f4xx_hal_pwr.o
LOAD Drivers/STM32F4xx_HAL_Driver/Src/stm32f4xx_hal_pwr_ex.o
LOAD Drivers/STM32F4xx_HAL_Driver/Src/stm32f4xx_hal_rcc.o
LOAD Drivers/STM32F4xx_HAL_Driver/Src/stm32f4xx_hal_rcc_ex.o
LOAD Drivers/STM32F4xx_HAL_Driver/Src/stm32f4xx_hal_tim.o
LOAD Drivers/STM32F4xx_HAL_Driver/Src/stm32f4xx_hal_tim_ex.o
LOAD Src/main.o
LOAD Src/stm32f4xx_hal_msp.o
LOAD Src/stm32f4xx_it.o
LOAD Src/system_stm32f4xx.o
LOAD startup/startup_stm32f401xe.o
START GROUP
LOAD c:/ac6/systemworkbench/plugins/fr.ac6.mcu.externaltools.arm-none.win32_1.13.2.201703061525/tools/compiler/bin/../lib/gcc/arm-none-eabi/5.4.1/armv7e-m/fpu\libgcc.a
LOAD c:/ac6/systemworkbench/plugins/fr.ac6.mcu.externaltools.arm-none.win32_1.13.2.201703061525/tools/compiler/bin/../lib/gcc/arm-none-eabi/5.4.1/../../../../arm-none-eabi/lib/armv7e-m/fpu\libc_nano.a
END GROUP
START GROUP
LOAD c:/ac6/systemworkbench/plugins/fr.ac6.mcu.externaltools.arm-none.win32_1.13.2.201703061525/tools/compiler/bin/../lib/gcc/arm-none-eabi/5.4.1/armv7e-m/fpu\libgcc.a
LOAD c:/ac6/systemworkbench/plugins/fr.ac6.mcu.externaltools.arm-none.win32_1.13.2.201703061525/tools/compiler/bin/../lib/gcc/arm-none-eabi/5.4.1/../../../../arm-none-eabi/lib/armv7e-m/fpu\libc_nano.a
LOAD c:/ac6/systemworkbench/plugins/fr.ac6.mcu.externaltools.arm-none.win32_1.13.2.201703061525/tools/compiler/bin/../lib/gcc/arm-none-eabi/5.4.1/../../../../arm-none-eabi/lib/armv7e-m/fpu\libnosys.a
END GROUP
START GROUP
LOAD c:/ac6/systemworkbench/plugins/fr.ac6.mcu.externaltools.arm-none.win32_1.13.2.201703061525/tools/compiler/bin/../lib/gcc/arm-none-eabi/5.4.1/armv7e-m/fpu\libgcc.a
LOAD c:/ac6/systemworkbench/plugins/fr.ac6.mcu.externaltools.arm-none.win32_1.13.2.201703061525/tools/compiler/bin/../lib/gcc/arm-none-eabi/5.4.1/../../../../arm-none-eabi/lib/armv7e-m/fpu\libc_nano.a
LOAD c:/ac6/systemworkbench/plugins/fr.ac6.mcu.externaltools.arm-none.win32_1.13.2.201703061525/tools/compiler/bin/../lib/gcc/arm-none-eabi/5.4.1/../../../../arm-none-eabi/lib/armv7e-m/fpu\libnosys.a
END GROUP
LOAD c:/ac6/systemworkbench/plugins/fr.ac6.mcu.externaltools.arm-none.win32_1.13.2.201703061525/tools/compiler/bin/../lib/gcc/arm-none-eabi/5.4.1/armv7e-m/fpu/crtend.o
LOAD c:/ac6/systemworkbench/plugins/fr.ac6.mcu.externaltools.arm-none.win32_1.13.2.201703061525/tools/compiler/bin/../lib/gcc/arm-none-eabi/5.4.1/armv7e-m/fpu/crtn.o
                0x20018000                _estack = 0x20018000
                0x00000200                _Min_Heap_Size = 0x200
                0x00000400                _Min_Stack_Size = 0x400

.isr_vector     0x08000000      0x194
                0x08000000                . = ALIGN (0x4)
 *(.isr_vector)
 .isr_vector    0x08000000      0x194 startup/startup_stm32f401xe.o
                0x08000000                g_pfnVectors
                0x08000194                . = ALIGN (0x4)

.text           0x08000194     0x11c0
                0x08000194                . = ALIGN (0x4)
 *(.text)
 .text          0x08000194       0x5c c:/ac6/systemworkbench/plugins/fr.ac6.mcu.externaltools.arm-none.win32_1.13.2.201703061525/tools/compiler/bin/../lib/gcc/arm-none-eabi/5.4.1/armv7e-m/fpu/crtbegin.o
 *(.text*)
 .text.HAL_InitTick
                0x080001f0       0x2c Drivers/STM32F4xx_HAL_Driver/Src/stm32f4xx_hal.o
                0x080001f0                HAL_InitTick
 .text.HAL_Init
                0x0800021c       0x34 Drivers/STM32F4xx_HAL_Driver/Src/stm32f4xx_hal.o
                0x0800021c                HAL_Init
 .text.HAL_IncTick
                0x08000250       0x10 Drivers/STM32F4xx_HAL_Driver/Src/stm32f4xx_hal.o
                0x08000250                HAL_IncTick
 .text.HAL_GetTick
                0x08000260        0xc Drivers/STM32F4xx_HAL_Driver/Src/stm32f4xx_hal.o
                0x08000260                HAL_GetTick
 .text.HAL_NVIC_SetPriorityGrouping
                0x0800026c       0x24 Drivers/STM32F4xx_HAL_Driver/Src/stm32f4xx_hal_cortex.o
                0x0800026c                HAL_NVIC_SetPriorityGrouping
 .text.HAL_NVIC_SetPriority
                0x08000290       0x64 Drivers/STM32F4xx_HAL_Driver/Src/stm32f4xx_hal_cortex.o
                0x08000290                HAL_NVIC_SetPriority
 .text.HAL_NVIC_EnableIRQ
                0x080002f4       0x18 Drivers/STM32F4xx_HAL_Driver/Src/stm32f4xx_hal_cortex.o
                0x080002f4                HAL_NVIC_EnableIRQ
 .text.HAL_SYSTICK_Config
                0x0800030c       0x2c Drivers/STM32F4xx_HAL_Driver/Src/stm32f4xx_hal_cortex.o
                0x0800030c                HAL_SYSTICK_Config
 .text.HAL_SYSTICK_CLKSourceConfig
                0x08000338       0x20 Drivers/STM32F4xx_HAL_Driver/Src/stm32f4xx_hal_cortex.o
                0x08000338                HAL_SYSTICK_CLKSourceConfig
 .text.HAL_SYSTICK_Callback
                0x08000358        0x4 Drivers/STM32F4xx_HAL_Driver/Src/stm32f4xx_hal_cortex.o
                0x08000358                HAL_SYSTICK_Callback
 .text.HAL_SYSTICK_IRQHandler
                0x0800035c        0x8 Drivers/STM32F4xx_HAL_Driver/Src/stm32f4xx_hal_cortex.o
                0x0800035c                HAL_SYSTICK_IRQHandler
 .text.HAL_GPIO_Init
                0x08000364      0x19c Drivers/STM32F4xx_HAL_Driver/Src/stm32f4xx_hal_gpio.o
                0x08000364                HAL_GPIO_Init
 .text.HAL_GPIO_WritePin
                0x08000500        0xc Drivers/STM32F4xx_HAL_Driver/Src/stm32f4xx_hal_gpio.o
                0x08000500                HAL_GPIO_WritePin
 .text.HAL_GPIO_TogglePin
                0x0800050c        0x8 Drivers/STM32F4xx_HAL_Driver/Src/stm32f4xx_hal_gpio.o
                0x0800050c                HAL_GPIO_TogglePin
 .text.HAL_RCC_OscConfig
                0x08000514      0x3c8 Drivers/STM32F4xx_HAL_Driver/Src/stm32f4xx_hal_rcc.o
                0x08000514                HAL_RCC_OscConfig
 .text.HAL_RCC_GetSysClockFreq
                0x080008dc       0xa4 Drivers/STM32F4xx_HAL_Driver/Src/stm32f4xx_hal_rcc.o
                0x080008dc                HAL_RCC_GetSysClockFreq
 .text.HAL_RCC_ClockConfig
                0x08000980      0x1b0 Drivers/STM32F4xx_HAL_Driver/Src/stm32f4xx_hal_rcc.o
                0x08000980                HAL_RCC_ClockConfig
 .text.HAL_RCC_GetHCLKFreq
                0x08000b30        0xc Drivers/STM32F4xx_HAL_Driver/Src/stm32f4xx_hal_rcc.o
                0x08000b30                HAL_RCC_GetHCLKFreq
 .text.TIM_TI1_ConfigInputStage
                0x08000b3c       0x28 Drivers/STM32F4xx_HAL_Driver/Src/stm32f4xx_hal_tim.o
 .text.TIM_TI2_ConfigInputStage
                0x08000b64       0x28 Drivers/STM32F4xx_HAL_Driver/Src/stm32f4xx_hal_tim.o
 .text.TIM_ITRx_SetConfig
                0x08000b8c       0x10 Drivers/STM32F4xx_HAL_Driver/Src/stm32f4xx_hal_tim.o
 .text.TIM_ETR_SetConfig
                0x08000b9c       0x1c Drivers/STM32F4xx_HAL_Driver/Src/stm32f4xx_hal_tim.o
 .text.HAL_TIM_Base_Start_IT
                0x08000bb8       0x18 Drivers/STM32F4xx_HAL_Driver/Src/stm32f4xx_hal_tim.o
                0x08000bb8                HAL_TIM_Base_Start_IT
 .text.HAL_TIM_ConfigClockSource
                0x08000bd0      0x114 Drivers/STM32F4xx_HAL_Driver/Src/stm32f4xx_hal_tim.o
                0x08000bd0                HAL_TIM_ConfigClockSource
 .text.HAL_TIM_OC_DelayElapsedCallback
                0x08000ce4        0x4 Drivers/STM32F4xx_HAL_Driver/Src/stm32f4xx_hal_tim.o
                0x08000ce4                HAL_TIM_OC_DelayElapsedCallback
 .text.HAL_TIM_IC_CaptureCallback
                0x08000ce8        0x4 Drivers/STM32F4xx_HAL_Driver/Src/stm32f4xx_hal_tim.o
                0x08000ce8                HAL_TIM_IC_CaptureCallback
 .text.HAL_TIM_PWM_PulseFinishedCallback
                0x08000cec        0x4 Drivers/STM32F4xx_HAL_Driver/Src/stm32f4xx_hal_tim.o
                0x08000cec                HAL_TIM_PWM_PulseFinishedCallback
 .text.HAL_TIM_TriggerCallback
                0x08000cf0        0x4 Drivers/STM32F4xx_HAL_Driver/Src/stm32f4xx_hal_tim.o
                0x08000cf0                HAL_TIM_TriggerCallback
 .text.HAL_TIM_IRQHandler
                0x08000cf4      0x174 Drivers/STM32F4xx_HAL_Driver/Src/stm32f4xx_hal_tim.o
                0x08000cf4                HAL_TIM_IRQHandler
 .text.TIM_Base_SetConfig
                0x08000e68       0xcc Drivers/STM32F4xx_HAL_Driver/Src/stm32f4xx_hal_tim.o
                0x08000e68                TIM_Base_SetConfig
 .text.HAL_TIM_Base_Init
                0x08000f34       0x38 Drivers/STM32F4xx_HAL_Driver/Src/stm32f4xx_hal_tim.o
                0x08000f34                HAL_TIM_Base_Init
 .text.HAL_TIMEx_MasterConfigSynchronization
                0x08000f6c       0x54 Drivers/STM32F4xx_HAL_Driver/Src/stm32f4xx_hal_tim_ex.o
                0x08000f6c                HAL_TIMEx_MasterConfigSynchronization
 .text.HAL_TIMEx_CommutationCallback
                0x08000fc0        0x4 Drivers/STM32F4xx_HAL_Driver/Src/stm32f4xx_hal_tim_ex.o
                0x08000fc0                HAL_TIMEx_CommutationCallback
 .text.HAL_TIMEx_BreakCallback
                0x08000fc4        0x4 Drivers/STM32F4xx_HAL_Driver/Src/stm32f4xx_hal_tim_ex.o
                0x08000fc4                HAL_TIMEx_BreakCallback
 .text.MX_GPIO_Init
                0x08000fc8       0x48 Src/main.o
 .text.HAL_TIM_PeriodElapsedCallback
                0x08001010       0x18 Src/main.o
                0x08001010                HAL_TIM_PeriodElapsedCallback
 .text._Error_Handler
                0x08001028        0x4 Src/main.o
                0x08001028                _Error_Handler
 .text.MX_TIM2_Init
                0x0800102c       0x6c Src/main.o
 .text.SystemClock_Config
                0x08001098       0xc0 Src/main.o
                0x08001098                SystemClock_Config
 .text.main     0x08001158       0x20 Src/main.o
                0x08001158                main
 .text.HAL_MspInit
                0x08001178       0x60 Src/stm32f4xx_hal_msp.o
                0x08001178                HAL_MspInit
 .text.HAL_TIM_Base_MspInit
                0x080011d8       0x3c Src/stm32f4xx_hal_msp.o
                0x080011d8                HAL_TIM_Base_MspInit
 .text.NMI_Handler
                0x08001214        0x4 Src/stm32f4xx_it.o
                0x08001214                NMI_Handler
 .text.HardFault_Handler
                0x08001218        0x4 Src/stm32f4xx_it.o
                0x08001218                HardFault_Handler
 .text.MemManage_Handler
                0x0800121c        0x4 Src/stm32f4xx_it.o
                0x0800121c                MemManage_Handler
 .text.BusFault_Handler
                0x08001220        0x4 Src/stm32f4xx_it.o
                0x08001220                BusFault_Handler
 .text.UsageFault_Handler
                0x08001224        0x4 Src/stm32f4xx_it.o
                0x08001224                UsageFault_Handler
 .text.SVC_Handler
                0x08001228        0x4 Src/stm32f4xx_it.o
                0x08001228                SVC_Handler
 .text.DebugMon_Handler
                0x0800122c        0x4 Src/stm32f4xx_it.o
                0x0800122c                DebugMon_Handler
 .text.PendSV_Handler
                0x08001230        0x4 Src/stm32f4xx_it.o
                0x08001230                PendSV_Handler
 .text.SysTick_Handler
                0x08001234        0xc Src/stm32f4xx_it.o
                0x08001234                SysTick_Handler
 .text.TIM2_IRQHandler
                0x08001240       0x10 Src/stm32f4xx_it.o
                0x08001240                TIM2_IRQHandler
 .text.SystemInit
                0x08001250       0x4c Src/system_stm32f4xx.o
                0x08001250                SystemInit
 .text.Reset_Handler
                0x0800129c       0x50 startup/startup_stm32f401xe.o
                0x0800129c                Reset_Handler
 .text.Default_Handler
                0x080012ec        0x2 startup/startup_stm32f401xe.o
                0x080012ec                RTC_Alarm_IRQHandler
                0x080012ec                EXTI2_IRQHandler
                0x080012ec                SPI4_IRQHandler
                0x080012ec                TIM1_CC_IRQHandler
                0x080012ec                DMA2_Stream5_IRQHandler
                0x080012ec                DMA1_Stream5_IRQHandler
                0x080012ec                PVD_IRQHandler
                0x080012ec                SDIO_IRQHandler
                0x080012ec                TAMP_STAMP_IRQHandler
                0x080012ec                EXTI3_IRQHandler
                0x080012ec                TIM1_UP_TIM10_IRQHandler
                0x080012ec                I2C3_ER_IRQHandler
                0x080012ec                EXTI0_IRQHandler
                0x080012ec                I2C2_EV_IRQHandler
                0x080012ec                DMA1_Stream2_IRQHandler
                0x080012ec                FPU_IRQHandler
                0x080012ec                DMA2_Stream2_IRQHandler
                0x080012ec                SPI1_IRQHandler
                0x080012ec                TIM1_BRK_TIM9_IRQHandler
                0x080012ec                DMA2_Stream3_IRQHandler
                0x080012ec                USART6_IRQHandler
                0x080012ec                DMA2_Stream0_IRQHandler
                0x080012ec                TIM4_IRQHandler
                0x080012ec                I2C1_EV_IRQHandler
                0x080012ec                DMA1_Stream6_IRQHandler
                0x080012ec                DMA1_Stream1_IRQHandler
                0x080012ec                TIM3_IRQHandler
                0x080012ec                RCC_IRQHandler
                0x080012ec                Default_Handler
                0x080012ec                EXTI15_10_IRQHandler
                0x080012ec                ADC_IRQHandler
                0x080012ec                DMA1_Stream7_IRQHandler
                0x080012ec                TIM5_IRQHandler
                0x080012ec                DMA2_Stream7_IRQHandler
                0x080012ec                I2C3_EV_IRQHandler
                0x080012ec                EXTI9_5_IRQHandler
                0x080012ec                RTC_WKUP_IRQHandler
                0x080012ec                SPI2_IRQHandler
                0x080012ec                DMA1_Stream0_IRQHandler
                0x080012ec                EXTI4_IRQHandler
                0x080012ec                WWDG_IRQHandler
                0x080012ec                OTG_FS_WKUP_IRQHandler
                0x080012ec                TIM1_TRG_COM_TIM11_IRQHandler
                0x080012ec                EXTI1_IRQHandler
                0x080012ec                USART2_IRQHandler
                0x080012ec                I2C2_ER_IRQHandler
                0x080012ec                DMA2_Stream1_IRQHandler
                0x080012ec                FLASH_IRQHandler
                0x080012ec                DMA2_Stream4_IRQHandler
                0x080012ec                USART1_IRQHandler
                0x080012ec                OTG_FS_IRQHandler
                0x080012ec                SPI3_IRQHandler
                0x080012ec                DMA1_Stream4_IRQHandler
                0x080012ec                I2C1_ER_IRQHandler
                0x080012ec                DMA2_Stream6_IRQHandler
                0x080012ec                DMA1_Stream3_IRQHandler
 *fill*         0x080012ee        0x2 
 .text.__libc_init_array
                0x080012f0       0x4c c:/ac6/systemworkbench/plugins/fr.ac6.mcu.externaltools.arm-none.win32_1.13.2.201703061525/tools/compiler/bin/../lib/gcc/arm-none-eabi/5.4.1/../../../../arm-none-eabi/lib/armv7e-m/fpu\libc_nano.a(lib_a-init.o)
                0x080012f0                __libc_init_array
 *(.glue_7)
 .glue_7        0x0800133c        0x0 linker stubs
 *(.glue_7t)
 .glue_7t       0x0800133c        0x0 linker stubs
 *(.eh_frame)
 .eh_frame      0x0800133c        0x0 c:/ac6/systemworkbench/plugins/fr.ac6.mcu.externaltools.arm-none.win32_1.13.2.201703061525/tools/compiler/bin/../lib/gcc/arm-none-eabi/5.4.1/armv7e-m/fpu/crtbegin.o
 *(.init)
 .init          0x0800133c        0x4 c:/ac6/systemworkbench/plugins/fr.ac6.mcu.externaltools.arm-none.win32_1.13.2.201703061525/tools/compiler/bin/../lib/gcc/arm-none-eabi/5.4.1/armv7e-m/fpu/crti.o
                0x0800133c                _init
 .init          0x08001340        0x8 c:/ac6/systemworkbench/plugins/fr.ac6.mcu.externaltools.arm-none.win32_1.13.2.201703061525/tools/compiler/bin/../lib/gcc/arm-none-eabi/5.4.1/armv7e-m/fpu/crtn.o
 *(.fini)
 .fini          0x08001348        0x4 c:/ac6/systemworkbench/plugins/fr.ac6.mcu.externaltools.arm-none.win32_1.13.2.201703061525/tools/compiler/bin/../lib/gcc/arm-none-eabi/5.4.1/armv7e-m/fpu/crti.o
                0x08001348                _fini
 .fini          0x0800134c        0x8 c:/ac6/systemworkbench/plugins/fr.ac6.mcu.externaltools.arm-none.win32_1.13.2.201703061525/tools/compiler/bin/../lib/gcc/arm-none-eabi/5.4.1/armv7e-m/fpu/crtn.o
                0x08001354                . = ALIGN (0x4)
                0x08001354                _etext = .

.vfp11_veneer   0x08001354        0x0
 .vfp11_veneer  0x08001354        0x0 linker stubs

.v4_bx          0x08001354        0x0
 .v4_bx         0x08001354        0x0 linker stubs

.iplt           0x08001354        0x0
 .iplt          0x08001354        0x0 c:/ac6/systemworkbench/plugins/fr.ac6.mcu.externaltools.arm-none.win32_1.13.2.201703061525/tools/compiler/bin/../lib/gcc/arm-none-eabi/5.4.1/armv7e-m/fpu/crtbegin.o

.rodata         0x08001354       0x28
                0x08001354                . = ALIGN (0x4)
 *(.rodata)
 .rodata        0x08001354       0x18 Src/system_stm32f4xx.o
                0x08001354                AHBPrescTable
                0x08001364                APBPrescTable
 *(.rodata*)
 .rodata.str1.4
                0x0800136c       0x10 Src/main.o
                                  0xe (size before relaxing)
                0x0800137c                . = ALIGN (0x4)

.rel.dyn        0x0800137c        0x0
 .rel.iplt      0x0800137c        0x0 c:/ac6/systemworkbench/plugins/fr.ac6.mcu.externaltools.arm-none.win32_1.13.2.201703061525/tools/compiler/bin/../lib/gcc/arm-none-eabi/5.4.1/armv7e-m/fpu/crtbegin.o

.ARM.extab
 *(.ARM.extab* .gnu.linkonce.armextab.*)

.ARM            0x0800137c        0x0
                0x0800137c                __exidx_start = .
 *(.ARM.exidx*)
                0x0800137c                __exidx_end = .

.preinit_array  0x0800137c        0x0
                0x0800137c                PROVIDE (__preinit_array_start, .)
 *(.preinit_array*)
                0x0800137c                PROVIDE (__preinit_array_end, .)

.init_array     0x0800137c        0x4
                0x0800137c                PROVIDE (__init_array_start, .)
 *(SORT(.init_array.*))
 *(.init_array*)
 .init_array    0x0800137c        0x4 c:/ac6/systemworkbench/plugins/fr.ac6.mcu.externaltools.arm-none.win32_1.13.2.201703061525/tools/compiler/bin/../lib/gcc/arm-none-eabi/5.4.1/armv7e-m/fpu/crtbegin.o
                0x08001380                PROVIDE (__init_array_end, .)

.fini_array     0x08001380        0x4
                [!provide]                PROVIDE (__fini_array_start, .)
 *(SORT(.fini_array.*))
 *(.fini_array*)
 .fini_array    0x08001380        0x4 c:/ac6/systemworkbench/plugins/fr.ac6.mcu.externaltools.arm-none.win32_1.13.2.201703061525/tools/compiler/bin/../lib/gcc/arm-none-eabi/5.4.1/armv7e-m/fpu/crtbegin.o
                [!provide]                PROVIDE (__fini_array_end, .)
                0x08001384                _sidata = LOADADDR (.data)

.data           0x20000000        0x4 load address 0x08001384
                0x20000000                . = ALIGN (0x4)
                0x20000000                _sdata = .
 *(.data)
 .data          0x20000000        0x4 Src/system_stm32f4xx.o
                0x20000000                SystemCoreClock
 *(.data*)
                0x20000004                . = ALIGN (0x4)
                0x20000004                _edata = .

.jcr            0x20000004        0x0 load address 0x08001388
 .jcr           0x20000004        0x0 c:/ac6/systemworkbench/plugins/fr.ac6.mcu.externaltools.arm-none.win32_1.13.2.201703061525/tools/compiler/bin/../lib/gcc/arm-none-eabi/5.4.1/armv7e-m/fpu/crtbegin.o

.igot.plt       0x20000004        0x0 load address 0x08001388
 .igot.plt      0x20000004        0x0 c:/ac6/systemworkbench/plugins/fr.ac6.mcu.externaltools.arm-none.win32_1.13.2.201703061525/tools/compiler/bin/../lib/gcc/arm-none-eabi/5.4.1/armv7e-m/fpu/crtbegin.o
                0x20000004                . = ALIGN (0x4)

.bss            0x20000004       0x5c load address 0x08001388
                0x20000004                _sbss = .
                0x20000004                __bss_start__ = _sbss
 *(.bss)
 .bss           0x20000004       0x1c c:/ac6/systemworkbench/plugins/fr.ac6.mcu.externaltools.arm-none.win32_1.13.2.201703061525/tools/compiler/bin/../lib/gcc/arm-none-eabi/5.4.1/armv7e-m/fpu/crtbegin.o
 *(.bss*)
 *(COMMON)
 COMMON         0x20000020        0x4 Drivers/STM32F4xx_HAL_Driver/Src/stm32f4xx_hal.o
                0x20000020                uwTick
 COMMON         0x20000024       0x3c Src/main.o
                0x20000024                htim2
                0x20000060                . = ALIGN (0x4)
                0x20000060                _ebss = .
                0x20000060                __bss_end__ = _ebss

._user_heap_stack
                0x20000060      0x600 load address 0x08001388
                0x20000060                . = ALIGN (0x8)
                [!provide]                PROVIDE (end, .)
                [!provide]                PROVIDE (_end, .)
                0x20000260                . = (. + _Min_Heap_Size)
 *fill*         0x20000060      0x200 
                0x20000660                . = (. + _Min_Stack_Size)
 *fill*         0x20000260      0x400 
                0x20000660                . = ALIGN (0x8)

/DISCARD/
 libc.a(*)
 libm.a(*)
 libgcc.a(*)

.ARM.attributes
                0x00000000       0x30
 *(.ARM.attributes)
 .ARM.attributes
                0x00000000       0x22 c:/ac6/systemworkbench/plugins/fr.ac6.mcu.externaltools.arm-none.win32_1.13.2.201703061525/tools/compiler/bin/../lib/gcc/arm-none-eabi/5.4.1/armv7e-m/fpu/crti.o
 .ARM.attributes
                0x00000022       0x34 c:/ac6/systemworkbench/plugins/fr.ac6.mcu.externaltools.arm-none.win32_1.13.2.201703061525/tools/compiler/bin/../lib/gcc/arm-none-eabi/5.4.1/armv7e-m/fpu/crtbegin.o
 .ARM.attributes
                0x00000056       0x39 Drivers/STM32F4xx_HAL_Driver/Src/stm32f4xx_hal.o
 .ARM.attributes
                0x0000008f       0x39 Drivers/STM32F4xx_HAL_Driver/Src/stm32f4xx_hal_cortex.o
 .ARM.attributes
                0x000000c8       0x39 Drivers/STM32F4xx_HAL_Driver/Src/stm32f4xx_hal_gpio.o
 .ARM.attributes
                0x00000101       0x39 Drivers/STM32F4xx_HAL_Driver/Src/stm32f4xx_hal_rcc.o
 .ARM.attributes
                0x0000013a       0x39 Drivers/STM32F4xx_HAL_Driver/Src/stm32f4xx_hal_tim.o
 .ARM.attributes
                0x00000173       0x39 Drivers/STM32F4xx_HAL_Driver/Src/stm32f4xx_hal_tim_ex.o
 .ARM.attributes
                0x000001ac       0x39 Src/main.o
 .ARM.attributes
                0x000001e5       0x39 Src/stm32f4xx_hal_msp.o
 .ARM.attributes
                0x0000021e       0x39 Src/stm32f4xx_it.o
 .ARM.attributes
                0x00000257       0x39 Src/system_stm32f4xx.o
 .ARM.attributes
                0x00000290       0x21 startup/startup_stm32f401xe.o
 .ARM.attributes
                0x000002b1       0x34 c:/ac6/systemworkbench/plugins/fr.ac6.mcu.externaltools.arm-none.win32_1.13.2.201703061525/tools/compiler/bin/../lib/gcc/arm-none-eabi/5.4.1/../../../../arm-none-eabi/lib/armv7e-m/fpu\libc_nano.a(lib_a-init.o)
 .ARM.attributes
                0x000002e5       0x22 c:/ac6/systemworkbench/plugins/fr.ac6.mcu.externaltools.arm-none.win32_1.13.2.201703061525/tools/compiler/bin/../lib/gcc/arm-none-eabi/5.4.1/armv7e-m/fpu/crtn.o
OUTPUT(test.elf elf32-littlearm)

.debug_info     0x00000000     0x92a1
 .debug_info    0x00000000      0x8b6 Drivers/STM32F4xx_HAL_Driver/Src/stm32f4xx_hal.o
 .debug_info    0x000008b6      0xe77 Drivers/STM32F4xx_HAL_Driver/Src/stm32f4xx_hal_cortex.o
 .debug_info    0x0000172d      0x753 Drivers/STM32F4xx_HAL_Driver/Src/stm32f4xx_hal_gpio.o
 .debug_info    0x00001e80      0xd0f Drivers/STM32F4xx_HAL_Driver/Src/stm32f4xx_hal_rcc.o
 .debug_info    0x00002b8f     0x2e0c Drivers/STM32F4xx_HAL_Driver/Src/stm32f4xx_hal_tim.o
 .debug_info    0x0000599b     0x129d Drivers/STM32F4xx_HAL_Driver/Src/stm32f4xx_hal_tim_ex.o
 .debug_info    0x00006c38      0xfc2 Src/main.o
 .debug_info    0x00007bfa      0xaa4 Src/stm32f4xx_hal_msp.o
 .debug_info    0x0000869e      0x671 Src/stm32f4xx_it.o
 .debug_info    0x00008d0f      0x52a Src/system_stm32f4xx.o
 .debug_info    0x00009239       0x68 startup/startup_stm32f401xe.o

.debug_abbrev   0x00000000     0x14e0
 .debug_abbrev  0x00000000      0x287 Drivers/STM32F4xx_HAL_Driver/Src/stm32f4xx_hal.o
 .debug_abbrev  0x00000287      0x2fe Drivers/STM32F4xx_HAL_Driver/Src/stm32f4xx_hal_cortex.o
 .debug_abbrev  0x00000585      0x1cd Drivers/STM32F4xx_HAL_Driver/Src/stm32f4xx_hal_gpio.o
 .debug_abbrev  0x00000752      0x2b0 Drivers/STM32F4xx_HAL_Driver/Src/stm32f4xx_hal_rcc.o
 .debug_abbrev  0x00000a02      0x22a Drivers/STM32F4xx_HAL_Driver/Src/stm32f4xx_hal_tim.o
 .debug_abbrev  0x00000c2c      0x22a Drivers/STM32F4xx_HAL_Driver/Src/stm32f4xx_hal_tim_ex.o
 .debug_abbrev  0x00000e56      0x22e Src/main.o
 .debug_abbrev  0x00001084      0x19e Src/stm32f4xx_hal_msp.o
 .debug_abbrev  0x00001222      0x1a8 Src/stm32f4xx_it.o
 .debug_abbrev  0x000013ca      0x104 Src/system_stm32f4xx.o
 .debug_abbrev  0x000014ce       0x12 startup/startup_stm32f401xe.o

.debug_loc      0x00000000     0x512d
 .debug_loc     0x00000000       0x91 Drivers/STM32F4xx_HAL_Driver/Src/stm32f4xx_hal.o
 .debug_loc     0x00000091      0x548 Drivers/STM32F4xx_HAL_Driver/Src/stm32f4xx_hal_cortex.o
 .debug_loc     0x000005d9      0x39a Drivers/STM32F4xx_HAL_Driver/Src/stm32f4xx_hal_gpio.o
 .debug_loc     0x00000973      0x622 Drivers/STM32F4xx_HAL_Driver/Src/stm32f4xx_hal_rcc.o
 .debug_loc     0x00000f95     0x3284 Drivers/STM32F4xx_HAL_Driver/Src/stm32f4xx_hal_tim.o
 .debug_loc     0x00004219      0xd74 Drivers/STM32F4xx_HAL_Driver/Src/stm32f4xx_hal_tim_ex.o
 .debug_loc     0x00004f8d       0x21 Src/main.o
 .debug_loc     0x00004fae       0x4d Src/stm32f4xx_hal_msp.o
 .debug_loc     0x00004ffb      0x132 Src/system_stm32f4xx.o

.debug_aranges  0x00000000      0x828
 .debug_aranges
                0x00000000       0xc8 Drivers/STM32F4xx_HAL_Driver/Src/stm32f4xx_hal.o
 .debug_aranges
                0x000000c8       0xa8 Drivers/STM32F4xx_HAL_Driver/Src/stm32f4xx_hal_cortex.o
 .debug_aranges
                0x00000170       0x58 Drivers/STM32F4xx_HAL_Driver/Src/stm32f4xx_hal_gpio.o
 .debug_aranges
                0x000001c8       0x88 Drivers/STM32F4xx_HAL_Driver/Src/stm32f4xx_hal_rcc.o
 .debug_aranges
                0x00000250      0x368 Drivers/STM32F4xx_HAL_Driver/Src/stm32f4xx_hal_tim.o
 .debug_aranges
                0x000005b8      0x140 Drivers/STM32F4xx_HAL_Driver/Src/stm32f4xx_hal_tim_ex.o
 .debug_aranges
                0x000006f8       0x48 Src/main.o
 .debug_aranges
                0x00000740       0x30 Src/stm32f4xx_hal_msp.o
 .debug_aranges
                0x00000770       0x68 Src/stm32f4xx_it.o
 .debug_aranges
                0x000007d8       0x28 Src/system_stm32f4xx.o
 .debug_aranges
                0x00000800       0x28 startup/startup_stm32f401xe.o

.debug_ranges   0x00000000      0x780
 .debug_ranges  0x00000000       0xb8 Drivers/STM32F4xx_HAL_Driver/Src/stm32f4xx_hal.o
 .debug_ranges  0x000000b8       0x98 Drivers/STM32F4xx_HAL_Driver/Src/stm32f4xx_hal_cortex.o
 .debug_ranges  0x00000150       0x48 Drivers/STM32F4xx_HAL_Driver/Src/stm32f4xx_hal_gpio.o
 .debug_ranges  0x00000198       0x78 Drivers/STM32F4xx_HAL_Driver/Src/stm32f4xx_hal_rcc.o
 .debug_ranges  0x00000210      0x358 Drivers/STM32F4xx_HAL_Driver/Src/stm32f4xx_hal_tim.o
 .debug_ranges  0x00000568      0x130 Drivers/STM32F4xx_HAL_Driver/Src/stm32f4xx_hal_tim_ex.o
 .debug_ranges  0x00000698       0x38 Src/main.o
 .debug_ranges  0x000006d0       0x20 Src/stm32f4xx_hal_msp.o
 .debug_ranges  0x000006f0       0x58 Src/stm32f4xx_it.o
 .debug_ranges  0x00000748       0x18 Src/system_stm32f4xx.o
 .debug_ranges  0x00000760       0x20 startup/startup_stm32f401xe.o

.debug_macro    0x00000000    0x15b7d
 .debug_macro   0x00000000      0x364 Drivers/STM32F4xx_HAL_Driver/Src/stm32f4xx_hal.o
 .debug_macro   0x00000364      0x898 Drivers/STM32F4xx_HAL_Driver/Src/stm32f4xx_hal.o
 .debug_macro   0x00000bfc       0x1c Drivers/STM32F4xx_HAL_Driver/Src/stm32f4xx_hal.o
 .debug_macro   0x00000c18      0x17a Drivers/STM32F4xx_HAL_Driver/Src/stm32f4xx_hal.o
 .debug_macro   0x00000d92       0x33 Drivers/STM32F4xx_HAL_Driver/Src/stm32f4xx_hal.o
 .debug_macro   0x00000dc5       0x28 Drivers/STM32F4xx_HAL_Driver/Src/stm32f4xx_hal.o
 .debug_macro   0x00000ded       0x22 Drivers/STM32F4xx_HAL_Driver/Src/stm32f4xx_hal.o
 .debug_macro   0x00000e0f       0x87 Drivers/STM32F4xx_HAL_Driver/Src/stm32f4xx_hal.o
 .debug_macro   0x00000e96       0x44 Drivers/STM32F4xx_HAL_Driver/Src/stm32f4xx_hal.o
 .debug_macro   0x00000eda       0xfd Drivers/STM32F4xx_HAL_Driver/Src/stm32f4xx_hal.o
 .debug_macro   0x00000fd7       0x5e Drivers/STM32F4xx_HAL_Driver/Src/stm32f4xx_hal.o
 .debug_macro   0x00001035      0x1df Drivers/STM32F4xx_HAL_Driver/Src/stm32f4xx_hal.o
 .debug_macro   0x00001214       0x35 Drivers/STM32F4xx_HAL_Driver/Src/stm32f4xx_hal.o
 .debug_macro   0x00001249       0x50 Drivers/STM32F4xx_HAL_Driver/Src/stm32f4xx_hal.o
 .debug_macro   0x00001299      0xe66 Drivers/STM32F4xx_HAL_Driver/Src/stm32f4xx_hal.o
 .debug_macro   0x000020ff     0xb81f Drivers/STM32F4xx_HAL_Driver/Src/stm32f4xx_hal.o
 .debug_macro   0x0000d91e       0x43 Drivers/STM32F4xx_HAL_Driver/Src/stm32f4xx_hal.o
 .debug_macro   0x0000d961     0x3574 Drivers/STM32F4xx_HAL_Driver/Src/stm32f4xx_hal.o
 .debug_macro   0x00010ed5       0x52 Drivers/STM32F4xx_HAL_Driver/Src/stm32f4xx_hal.o
 .debug_macro   0x00010f27       0x35 Drivers/STM32F4xx_HAL_Driver/Src/stm32f4xx_hal.o
 .debug_macro   0x00010f5c       0x9c Drivers/STM32F4xx_HAL_Driver/Src/stm32f4xx_hal.o
 .debug_macro   0x00010ff8       0x16 Drivers/STM32F4xx_HAL_Driver/Src/stm32f4xx_hal.o
 .debug_macro   0x0001100e       0x97 Drivers/STM32F4xx_HAL_Driver/Src/stm32f4xx_hal.o
 .debug_macro   0x000110a5      0x30d Drivers/STM32F4xx_HAL_Driver/Src/stm32f4xx_hal.o
 .debug_macro   0x000113b2       0xfd Drivers/STM32F4xx_HAL_Driver/Src/stm32f4xx_hal.o
 .debug_macro   0x000114af       0x10 Drivers/STM32F4xx_HAL_Driver/Src/stm32f4xx_hal.o
 .debug_macro   0x000114bf       0x52 Drivers/STM32F4xx_HAL_Driver/Src/stm32f4xx_hal.o
 .debug_macro   0x00011511       0x1f Drivers/STM32F4xx_HAL_Driver/Src/stm32f4xx_hal.o
 .debug_macro   0x00011530       0x43 Drivers/STM32F4xx_HAL_Driver/Src/stm32f4xx_hal.o
 .debug_macro   0x00011573       0x20 Drivers/STM32F4xx_HAL_Driver/Src/stm32f4xx_hal.o
 .debug_macro   0x00011593      0x187 Drivers/STM32F4xx_HAL_Driver/Src/stm32f4xx_hal.o
 .debug_macro   0x0001171a       0x10 Drivers/STM32F4xx_HAL_Driver/Src/stm32f4xx_hal.o
 .debug_macro   0x0001172a       0x1c Drivers/STM32F4xx_HAL_Driver/Src/stm32f4xx_hal.o
 .debug_macro   0x00011746       0x52 Drivers/STM32F4xx_HAL_Driver/Src/stm32f4xx_hal.o
 .debug_macro   0x00011798       0x40 Drivers/STM32F4xx_HAL_Driver/Src/stm32f4xx_hal.o
 .debug_macro   0x000117d8       0x10 Drivers/STM32F4xx_HAL_Driver/Src/stm32f4xx_hal.o
 .debug_macro   0x000117e8       0x40 Drivers/STM32F4xx_HAL_Driver/Src/stm32f4xx_hal.o
 .debug_macro   0x00011828       0xd7 Drivers/STM32F4xx_HAL_Driver/Src/stm32f4xx_hal.o
 .debug_macro   0x000118ff       0x16 Drivers/STM32F4xx_HAL_Driver/Src/stm32f4xx_hal.o
 .debug_macro   0x00011915      0x18b Drivers/STM32F4xx_HAL_Driver/Src/stm32f4xx_hal.o
 .debug_macro   0x00011aa0       0x50 Drivers/STM32F4xx_HAL_Driver/Src/stm32f4xx_hal.o
 .debug_macro   0x00011af0      0x416 Drivers/STM32F4xx_HAL_Driver/Src/stm32f4xx_hal.o
 .debug_macro   0x00011f06      0x9e1 Drivers/STM32F4xx_HAL_Driver/Src/stm32f4xx_hal.o
 .debug_macro   0x000128e7      0x11e Drivers/STM32F4xx_HAL_Driver/Src/stm32f4xx_hal.o
 .debug_macro   0x00012a05       0xf8 Drivers/STM32F4xx_HAL_Driver/Src/stm32f4xx_hal.o
 .debug_macro   0x00012afd       0x27 Drivers/STM32F4xx_HAL_Driver/Src/stm32f4xx_hal.o
 .debug_macro   0x00012b24      0x287 Drivers/STM32F4xx_HAL_Driver/Src/stm32f4xx_hal.o
 .debug_macro   0x00012dab       0x5f Drivers/STM32F4xx_HAL_Driver/Src/stm32f4xx_hal.o
 .debug_macro   0x00012e0a      0x23a Drivers/STM32F4xx_HAL_Driver/Src/stm32f4xx_hal.o
 .debug_macro   0x00013044      0x13a Drivers/STM32F4xx_HAL_Driver/Src/stm32f4xx_hal.o
 .debug_macro   0x0001317e      0x264 Drivers/STM32F4xx_HAL_Driver/Src/stm32f4xx_hal.o
 .debug_macro   0x000133e2       0x2e Drivers/STM32F4xx_HAL_Driver/Src/stm32f4xx_hal.o
 .debug_macro   0x00013410      0x11e Drivers/STM32F4xx_HAL_Driver/Src/stm32f4xx_hal.o
 .debug_macro   0x0001352e       0x85 Drivers/STM32F4xx_HAL_Driver/Src/stm32f4xx_hal.o
 .debug_macro   0x000135b3       0x89 Drivers/STM32F4xx_HAL_Driver/Src/stm32f4xx_hal.o
 .debug_macro   0x0001363c      0x6e0 Drivers/STM32F4xx_HAL_Driver/Src/stm32f4xx_hal.o
 .debug_macro   0x00013d1c       0x5b Drivers/STM32F4xx_HAL_Driver/Src/stm32f4xx_hal.o
 .debug_macro   0x00013d77      0x14d Drivers/STM32F4xx_HAL_Driver/Src/stm32f4xx_hal.o
 .debug_macro   0x00013ec4      0x11e Drivers/STM32F4xx_HAL_Driver/Src/stm32f4xx_hal.o
 .debug_macro   0x00013fe2      0x304 Drivers/STM32F4xx_HAL_Driver/Src/stm32f4xx_hal_cortex.o
 .debug_macro   0x000142e6      0x33c Drivers/STM32F4xx_HAL_Driver/Src/stm32f4xx_hal_gpio.o
 .debug_macro   0x00014622      0x32e Drivers/STM32F4xx_HAL_Driver/Src/stm32f4xx_hal_rcc.o
 .debug_macro   0x00014950      0x305 Drivers/STM32F4xx_HAL_Driver/Src/stm32f4xx_hal_tim.o
 .debug_macro   0x00014c55      0x304 Drivers/STM32F4xx_HAL_Driver/Src/stm32f4xx_hal_tim_ex.o
 .debug_macro   0x00014f59      0x308 Src/main.o
 .debug_macro   0x00015261      0x304 Src/stm32f4xx_hal_msp.o
 .debug_macro   0x00015565      0x30e Src/stm32f4xx_it.o
 .debug_macro   0x00015873      0x30a Src/system_stm32f4xx.o

.debug_line     0x00000000     0x675e
 .debug_line    0x00000000      0x8f5 Drivers/STM32F4xx_HAL_Driver/Src/stm32f4xx_hal.o
 .debug_line    0x000008f5      0x952 Drivers/STM32F4xx_HAL_Driver/Src/stm32f4xx_hal_cortex.o
 .debug_line    0x00001247      0x8ac Drivers/STM32F4xx_HAL_Driver/Src/stm32f4xx_hal_gpio.o
 .debug_line    0x00001af3      0xa72 Drivers/STM32F4xx_HAL_Driver/Src/stm32f4xx_hal_rcc.o
 .debug_line    0x00002565     0x1608 Drivers/STM32F4xx_HAL_Driver/Src/stm32f4xx_hal_tim.o
 .debug_line    0x00003b6d      0xcec Drivers/STM32F4xx_HAL_Driver/Src/stm32f4xx_hal_tim_ex.o
 .debug_line    0x00004859      0x7c0 Src/main.o
 .debug_line    0x00005019      0x774 Src/stm32f4xx_hal_msp.o
 .debug_line    0x0000578d      0x7e4 Src/stm32f4xx_it.o
 .debug_line    0x00005f71      0x76e Src/system_stm32f4xx.o
 .debug_line    0x000066df       0x7f startup/startup_stm32f401xe.o

.debug_str      0x00000000    0x83089
 .debug_str     0x00000000    0x80f49 Drivers/STM32F4xx_HAL_Driver/Src/stm32f4xx_hal.o
                              0x812bb (size before relaxing)
 .debug_str     0x00080f49      0x3bd Drivers/STM32F4xx_HAL_Driver/Src/stm32f4xx_hal_cortex.o
                              0x81071 (size before relaxing)
 .debug_str     0x00081306      0x292 Drivers/STM32F4xx_HAL_Driver/Src/stm32f4xx_hal_gpio.o
                              0x80b78 (size before relaxing)
 .debug_str     0x00081598      0x39c Drivers/STM32F4xx_HAL_Driver/Src/stm32f4xx_hal_rcc.o
                              0x80d75 (size before relaxing)
 .debug_str     0x00081934     0x10c0 Drivers/STM32F4xx_HAL_Driver/Src/stm32f4xx_hal_tim.o
                              0x8195c (size before relaxing)
 .debug_str     0x000829f4      0x4f4 Drivers/STM32F4xx_HAL_Driver/Src/stm32f4xx_hal_tim_ex.o
                              0x8121c (size before relaxing)
 .debug_str     0x00082ee8       0x5a Src/main.o
                              0x8143a (size before relaxing)
 .debug_str     0x00082f42       0x25 Src/stm32f4xx_hal_msp.o
                              0x810b9 (size before relaxing)
 .debug_str     0x00082f67       0xc8 Src/stm32f4xx_it.o
                              0x80c66 (size before relaxing)
 .debug_str     0x0008302f       0x5a Src/system_stm32f4xx.o
                              0x80960 (size before relaxing)

.comment        0x00000000       0x6e
 .comment       0x00000000       0x6e Drivers/STM32F4xx_HAL_Driver/Src/stm32f4xx_hal.o
                                 0x6f (size before relaxing)
 .comment       0x0000006e       0x6f Drivers/STM32F4xx_HAL_Driver/Src/stm32f4xx_hal_cortex.o
 .comment       0x0000006e       0x6f Drivers/STM32F4xx_HAL_Driver/Src/stm32f4xx_hal_gpio.o
 .comment       0x0000006e       0x6f Drivers/STM32F4xx_HAL_Driver/Src/stm32f4xx_hal_rcc.o
 .comment       0x0000006e       0x6f Drivers/STM32F4xx_HAL_Driver/Src/stm32f4xx_hal_tim.o
 .comment       0x0000006e       0x6f Drivers/STM32F4xx_HAL_Driver/Src/stm32f4xx_hal_tim_ex.o
 .comment       0x0000006e       0x6f Src/main.o
 .comment       0x0000006e       0x6f Src/stm32f4xx_hal_msp.o
 .comment       0x0000006e       0x6f Src/stm32f4xx_it.o
 .comment       0x0000006e       0x6f Src/system_stm32f4xx.o

.debug_frame    0x00000000     0x14a0
 .debug_frame   0x00000000      0x198 Drivers/STM32F4xx_HAL_Driver/Src/stm32f4xx_hal.o
 .debug_frame   0x00000198      0x154 Drivers/STM32F4xx_HAL_Driver/Src/stm32f4xx_hal_cortex.o
 .debug_frame   0x000002ec       0xc4 Drivers/STM32F4xx_HAL_Driver/Src/stm32f4xx_hal_gpio.o
 .debug_frame   0x000003b0      0x150 Drivers/STM32F4xx_HAL_Driver/Src/stm32f4xx_hal_rcc.o
 .debug_frame   0x00000500      0x9cc Drivers/STM32F4xx_HAL_Driver/Src/stm32f4xx_hal_tim.o
 .debug_frame   0x00000ecc      0x3b0 Drivers/STM32F4xx_HAL_Driver/Src/stm32f4xx_hal_tim_ex.o
 .debug_frame   0x0000127c       0xa8 Src/main.o
 .debug_frame   0x00001324       0x60 Src/stm32f4xx_hal_msp.o
 .debug_frame   0x00001384       0xc0 Src/stm32f4xx_it.o
 .debug_frame   0x00001444       0x30 Src/system_stm32f4xx.o
 .debug_frame   0x00001474       0x2c c:/ac6/systemworkbench/plugins/fr.ac6.mcu.externaltools.arm-none.win32_1.13.2.201703061525/tools/compiler/bin/../lib/gcc/arm-none-eabi/5.4.1/../../../../arm-none-eabi/lib/armv7e-m/fpu\libc_nano.a(lib_a-init.o)
